// Jest Snapshot v1, https://goo.gl/fbAQLP

exports[`ConContainer Component ENZYME snapshot 1`] = `<con-container />`;

exports[`ConContainer Component RENDERER snapshot 1`] = `<con-container />`;

exports[`ProContainer Component ENZYME snapshot 1`] = `<pro-container />`;

exports[`ProContainer Component RENDERER snapshot 1`] = `<pro-container />`;

exports[`Review Component ENZYME snapshot 1`] = `<review />`;

exports[`Review Component RENDERER snapshot 1`] = `<review />`;

exports[`Review Header Component ENZYME snapshot 1`] = `<review-header />`;

exports[`Review Header Component RENDERER snapshot 1`] = `<review-header />`;

exports[`Review Summary Component ENZYME snapshot 1`] = `
<review
  Summary={true}
/>
`;

exports[`Review Summary Component RENDERER snapshot 1`] = `
<review
  Summary={true}
/>
`;

exports[`Stars Component ENZYME snapshot 1`] = `<stars />`;

exports[`Stars Component RENDERER snapshot 1`] = `<stars />`;
